
> nextjs_tailwind_shadcn_ts@0.1.0 build
> next build

Ôû▓ Next.js 16.1.6 (Turbopack)

  Creating an optimized production build ...
Ô£ô Compiled successfully in 4.0s
  Skipping validation of types
  Collecting page data using 15 workers ...
  Generating static pages using 15 workers (0/8) ...
  Generating static pages using 15 workers (2/8) 
  Generating static pages using 15 workers (4/8) 
  Generating static pages using 15 workers (6/8) 
Ô£ô Generating static pages using 15 workers (8/8) in 631.5ms
  Finalizing page optimization ...

Route (app)
Ôöî Ôùï /
Ôö£ Ôùï /_not-found
Ôö£ ãÆ /api
Ôö£ ãÆ /api/generate-image
Ôö£ Ôùï /historia
Ôö£ Ôùï /politica-de-privacidade
Ôöö Ôùï /termos-de-uso


Ôùï  (Static)   prerendered as static content
ãÆ  (Dynamic)  server-rendered on demand

